Error type 10 at Line 3: applying indexing operator on non-array type variable
