Error type 14 at Line 7: accessing an undefined structure member
