Error type B at Line 8: Missing closing curly bracket '}'
