Error type A at Line 3: unknown lexeme @
Error type B at Line 4: Missing expression at the end of declaration
